╭──────────────────────────────────────────────────────────────────────────────╮
│audit (1 sample): none/none                                                   │
╰──────────────────────────────────────────────────────────────────────────────╯
╭───────────────────── Traceback (most recent call last) ──────────────────────╮
│ /Users/LeoQin/Documents/GitHub/Model Loyalties                               │
│ Investigation/tracks/track2_audit_system/.venv-petri/lib/python3.13/site-pa… │
│ in task_run                                                                  │
│                                                                              │
│ /Users/LeoQin/Documents/GitHub/Model Loyalties                               │
│ Investigation/tracks/track2_audit_system/.venv-petri/lib/python3.13/site-pa… │
│ in tg_collect                                                                │
│                                                                              │
│ /Users/LeoQin/Documents/GitHub/Model Loyalties                               │
│ Investigation/tracks/track2_audit_system/.venv-petri/lib/python3.13/site-pa… │
│ in _run_coro                                                                 │
│                                                                              │
│   272 │   │                                                                  │
│   273 │   │   with self._cancel_scope:                                       │
│   274 │   │   │   try:                                                       │
│ ❱ 275 │   │   │   │   retval = await self._coro                              │
│   276 │   │   │   except BaseException as exc:                               │
│   277 │   │   │   │   self._exception = exc                                  │
│   278 │   │   │   │   raise                                                  │
│                                                                              │
│ /Users/LeoQin/Documents/GitHub/Model Loyalties                               │
│ Investigation/tracks/track2_audit_system/.venv-petri/lib/python3.13/site-pa… │
│ in run_task                                                                  │
│                                                                              │
│ /Users/LeoQin/Documents/GitHub/Model Loyalties                               │
│ Investigation/tracks/track2_audit_system/.venv-petri/lib/python3.13/site-pa… │
│ in run_sample                                                                │
│                                                                              │
│ /Users/LeoQin/Documents/GitHub/Model Loyalties                               │
│ Investigation/tracks/track2_audit_system/.venv-petri/lib/python3.13/site-pa… │
│ in task_run_sample                                                           │
│                                                                              │
│ /Users/LeoQin/Documents/GitHub/Model Loyalties                               │
│ Investigation/tracks/track2_audit_system/.venv-petri/lib/python3.13/site-pa… │
│ in task_run_sample                                                           │
│                                                                              │
│ /Users/LeoQin/Documents/GitHub/Model Loyalties                               │
│ Investigation/tracks/track2_audit_system/.venv-petri/lib/python3.13/site-pa… │
│ in _run_coro                                                                 │
│                                                                              │
│   272 │   │                                                                  │
│   273 │   │   with self._cancel_scope:                                       │
│   274 │   │   │   try:                                                       │
│ ❱ 275 │   │   │   │   retval = await self._coro                              │
│   276 │   │   │   except BaseException as exc:                               │
│   277 │   │   │   │   self._exception = exc                                  │
│   278 │   │   │   │   raise                                                  │
│                                                                              │
│ /Users/LeoQin/Documents/GitHub/Model Loyalties                               │
│ Investigation/tracks/track2_audit_system/.venv-petri/lib/python3.13/site-pa… │
│ in _run_auditor                                                              │
│                                                                              │
│   120 async def _run_auditor(auditor: Agent, state: AgentState, span_id: str │
│   121 │   async with span(name="auditor", id=span_id):                       │
│   122 │   │   _transcript_info_seed_instructions()                           │
│ ❱ 123 │   │   await auditor(state)                                           │
│   124 │   │   await controller().end_conversation()                          │
│   125                                                                        │
│   126                                                                        │
│                                                                              │
│ /Users/LeoQin/Documents/GitHub/Model Loyalties                               │
│ Investigation/tracks/track2_audit_system/.venv-petri/lib/python3.13/site-pa… │
│ in execute                                                                   │
│                                                                              │
│   201 │   │   │   │   │   state.messages.append(c_message)                   │
│   202 │   │   │   │                                                          │
│   203 │   │   │   │   # next auditor turn                                    │
│ ❱ 204 │   │   │   │   state.output = await auditor_generate(                 │
│   205 │   │   │   │   │   agent_model, input_messages, agent_tools, cache    │
│   206 │   │   │   │   )                                                      │
│   207 │   │   │   │   state.messages.append(state.output.message)            │
│                                                                              │
│ /Users/LeoQin/Documents/GitHub/Model Loyalties                               │
│ Investigation/tracks/track2_audit_system/petri/run_petri.py:400 in           │
│ finalizing_generate                                                          │
│                                                                              │
│   397 │   │   nonlocal auditor_turn                                          │
│   398 │   │   auditor_turn += 1                                              │
│   399 │   │   active_tools = [] if auditor_turn >= max_turns else tools      │
│ ❱ 400 │   │   return await model.generate(                                   │
│   401 │   │   │   input=messages,                                            │
│   402 │   │   │   tools=active_tools,                                        │
│   403 │   │   │   cache=cache,                                               │
│                                                                              │
│ /Users/LeoQin/Documents/GitHub/Model Loyalties                               │
│ Investigation/tracks/track2_audit_system/.venv-petri/lib/python3.13/site-pa… │
│ in generate                                                                  │
│                                                                              │
│ /Users/LeoQin/Documents/GitHub/Model Loyalties                               │
│ Investigation/tracks/track2_audit_system/.venv-petri/lib/python3.13/site-pa… │
│ in _generate                                                                 │
│                                                                              │
│ /Users/LeoQin/Documents/GitHub/Model Loyalties                               │
│ Investigation/tracks/track2_audit_system/.venv-petri/lib/python3.13/site-pa… │
│ in async_wrapped                                                             │
│                                                                              │
│ /Users/LeoQin/Documents/GitHub/Model Loyalties                               │
│ Investigation/tracks/track2_audit_system/.venv-petri/lib/python3.13/site-pa… │
│ in __call__                                                                  │
│                                                                              │
│ /Users/LeoQin/Documents/GitHub/Model Loyalties                               │
│ Investigation/tracks/track2_audit_system/.venv-petri/lib/python3.13/site-pa… │
│ in iter                                                                      │
│                                                                              │
│ /Users/LeoQin/Documents/GitHub/Model Loyalties                               │
│ Investigation/tracks/track2_audit_system/.venv-petri/lib/python3.13/site-pa… │
│ in inner                                                                     │
│                                                                              │
│ /Users/LeoQin/Documents/GitHub/Model Loyalties                               │
│ Investigation/tracks/track2_audit_system/.venv-petri/lib/python3.13/site-pa… │
│ in exc_check                                                                 │
╰──────────────────────────────────────────────────────────────────────────────╯
RetryError: RetryError[<Future at 0x1132c6350 state=finished raised             
APIConnectionError>]                                                            
                                                                                
Task interrupted (no samples completed before interruption)                     
                                                                                
Log:                                                                            
tracks/track2_audit_system/runs/track1_v018/petri_reduced_three_hour/v018-reduce
d-3h-petri-l2-sol-medium-r10/loyal_c2/inspect_logs/2026-07-27T06-10-24-00-00_aud
it_LHWhcAS4FBmnqF3LVBSMNE.eval                                                  
                                                                                Petri run failed: Inspect completed without any validated scored samples
