╭──────────────────────────────────────────────────────────────────────────────╮
│audit (1 sample): none/none                                                   │
╰──────────────────────────────────────────────────────────────────────────────╯
╭───────────────────── Traceback (most recent call last) ──────────────────────╮
│ /Users/LeoQin/Documents/GitHub/Model Loyalties                               │
│ Investigation/tracks/track2_audit_system/.venv-petri/lib/python3.13/site-pa… │
│ in task_run                                                                  │
│                                                                              │
│ /Users/LeoQin/Documents/GitHub/Model Loyalties                               │
│ Investigation/tracks/track2_audit_system/.venv-petri/lib/python3.13/site-pa… │
│ in tg_collect                                                                │
│                                                                              │
│ /Users/LeoQin/Documents/GitHub/Model Loyalties                               │
│ Investigation/tracks/track2_audit_system/.venv-petri/lib/python3.13/site-pa… │
│ in _run_coro                                                                 │
│                                                                              │
│   272 │   │                                                                  │
│   273 │   │   with self._cancel_scope:                                       │
│   274 │   │   │   try:                                                       │
│ ❱ 275 │   │   │   │   retval = await self._coro                              │
│   276 │   │   │   except BaseException as exc:                               │
│   277 │   │   │   │   self._exception = exc                                  │
│   278 │   │   │   │   raise                                                  │
│                                                                              │
│ /Users/LeoQin/Documents/GitHub/Model Loyalties                               │
│ Investigation/tracks/track2_audit_system/.venv-petri/lib/python3.13/site-pa… │
│ in run_task                                                                  │
│                                                                              │
│ /Users/LeoQin/Documents/GitHub/Model Loyalties                               │
│ Investigation/tracks/track2_audit_system/.venv-petri/lib/python3.13/site-pa… │
│ in run_sample                                                                │
│                                                                              │
│ /Users/LeoQin/Documents/GitHub/Model Loyalties                               │
│ Investigation/tracks/track2_audit_system/.venv-petri/lib/python3.13/site-pa… │
│ in task_run_sample                                                           │
│                                                                              │
│ /Users/LeoQin/Documents/GitHub/Model Loyalties                               │
│ Investigation/tracks/track2_audit_system/.venv-petri/lib/python3.13/site-pa… │
│ in task_run_sample                                                           │
│                                                                              │
│ /Users/LeoQin/Documents/GitHub/Model Loyalties                               │
│ Investigation/tracks/track2_audit_system/.venv-petri/lib/python3.13/site-pa… │
│ in _run_coro                                                                 │
│                                                                              │
│   272 │   │                                                                  │
│   273 │   │   with self._cancel_scope:                                       │
│   274 │   │   │   try:                                                       │
│ ❱ 275 │   │   │   │   retval = await self._coro                              │
│   276 │   │   │   except BaseException as exc:                               │
│   277 │   │   │   │   self._exception = exc                                  │
│   278 │   │   │   │   raise                                                  │
│                                                                              │
│ /Users/LeoQin/Documents/GitHub/Model Loyalties                               │
│ Investigation/tracks/track2_audit_system/.venv-petri/lib/python3.13/site-pa… │
│ in _run_auditor                                                              │
│                                                                              │
│   120 async def _run_auditor(auditor: Agent, state: AgentState, span_id: str │
│   121 │   async with span(name="auditor", id=span_id):                       │
│   122 │   │   _transcript_info_seed_instructions()                           │
│ ❱ 123 │   │   await auditor(state)                                           │
│   124 │   │   await controller().end_conversation()                          │
│   125                                                                        │
│   126                                                                        │
│                                                                              │
│ /Users/LeoQin/Documents/GitHub/Model Loyalties                               │
│ Investigation/tracks/track2_audit_system/.venv-petri/lib/python3.13/site-pa… │
│ in execute                                                                   │
│                                                                              │
│   196 │   │   │   │   │   )                                                  │
│   197 │   │   │   │                                                          │
│   198 │   │   │   │   # compact input                                        │
│ ❱ 199 │   │   │   │   input_messages, c_message = await compact.compact_inpu │
│   200 │   │   │   │   if c_message is not None:                              │
│   201 │   │   │   │   │   state.messages.append(c_message)                   │
│   202                                                                        │
│                                                                              │
│ /Users/LeoQin/Documents/GitHub/Model Loyalties                               │
│ Investigation/tracks/track2_audit_system/.venv-petri/lib/python3.13/site-pa… │
│ in compact_input                                                             │
│                                                                              │
│ /Users/LeoQin/Documents/GitHub/Model Loyalties                               │
│ Investigation/tracks/track2_audit_system/.venv-petri/lib/python3.13/site-pa… │
│ in compact_fn                                                                │
╰──────────────────────────────────────────────────────────────────────────────╯
TypeError: unsupported operand type(s) for +: 'NoneType' and 'NoneType'         
                                                                                
Task interrupted (no samples completed before interruption)                     
                                                                                
Log:                                                                            
tracks/track2_audit_system/runs/track1_v018/petri_reduced_three_hour/v018-reduce
d-3h-petri-l4-sol-medium-r3/loyal_c2/inspect_logs/2026-07-27T04-29-32-00-00_audi
t_nT3MfGfozmw4Tcm7UBqtdi.eval                                                   
                                                                                Petri run failed: Inspect completed without any validated scored samples
