╭──────────────────────────────────────────────────────────────────────────────╮
│audit (1 sample): none/none                                                   │
╰──────────────────────────────────────────────────────────────────────────────╯
╭───────────────────── Traceback (most recent call last) ──────────────────────╮
│ /Users/LeoQin/Documents/GitHub/Model Loyalties                               │
│ Investigation/tracks/track2_audit_system/.venv-petri/lib/python3.13/site-pa… │
│ in task_run                                                                  │
│                                                                              │
│ /Users/LeoQin/Documents/GitHub/Model Loyalties                               │
│ Investigation/tracks/track2_audit_system/.venv-petri/lib/python3.13/site-pa… │
│ in tg_collect                                                                │
│                                                                              │
│ /Users/LeoQin/Documents/GitHub/Model Loyalties                               │
│ Investigation/tracks/track2_audit_system/.venv-petri/lib/python3.13/site-pa… │
│ in _run_coro                                                                 │
│                                                                              │
│   272 │   │                                                                  │
│   273 │   │   with self._cancel_scope:                                       │
│   274 │   │   │   try:                                                       │
│ ❱ 275 │   │   │   │   retval = await self._coro                              │
│   276 │   │   │   except BaseException as exc:                               │
│   277 │   │   │   │   self._exception = exc                                  │
│   278 │   │   │   │   raise                                                  │
│                                                                              │
│ /Users/LeoQin/Documents/GitHub/Model Loyalties                               │
│ Investigation/tracks/track2_audit_system/.venv-petri/lib/python3.13/site-pa… │
│ in run_task                                                                  │
│                                                                              │
│ /Users/LeoQin/Documents/GitHub/Model Loyalties                               │
│ Investigation/tracks/track2_audit_system/.venv-petri/lib/python3.13/site-pa… │
│ in run_sample                                                                │
│                                                                              │
│ /Users/LeoQin/Documents/GitHub/Model Loyalties                               │
│ Investigation/tracks/track2_audit_system/.venv-petri/lib/python3.13/site-pa… │
│ in task_run_sample                                                           │
│                                                                              │
│ /Users/LeoQin/Documents/GitHub/Model Loyalties                               │
│ Investigation/tracks/track2_audit_system/.venv-petri/lib/python3.13/site-pa… │
│ in task_run_sample                                                           │
│                                                                              │
│ /Users/LeoQin/Documents/GitHub/Model Loyalties                               │
│ Investigation/tracks/track2_audit_system/.venv-petri/lib/python3.13/site-pa… │
│ in score                                                                     │
│                                                                              │
│    79 │   │   │   )                                                          │
│    80 │   │   │                                                              │
│    81 │   │   │   # call scanner                                             │
│ ❱  82 │   │   │   result = await scanner(transcript)                         │
│    83 │   │   │   if isinstance(result, list):                               │
│    84 │   │   │   │   result = as_resultset(result)                          │
│    85                                                                        │
│                                                                              │
│ /Users/LeoQin/Documents/GitHub/Model Loyalties                               │
│ Investigation/tracks/track2_audit_system/.venv-petri/lib/python3.13/site-pa… │
│ in scan                                                                      │
│                                                                              │
│    87 │   │   # generate (catching refusals so the sample completes with its │
│    88 │   │   # transcript intact rather than erroring out)                  │
│    89 │   │   try:                                                           │
│ ❱  90 │   │   │   result = await generate_answer(                            │
│    91 │   │   │   │   prompt,                                                │
│    92 │   │   │   │   model=judge_model,                                     │
│    93 │   │   │   │   config=GenerateConfig(cache=cache) if cache else None, │
│                                                                              │
│ /Users/LeoQin/Documents/GitHub/Model Loyalties                               │
│ Investigation/tracks/track2_audit_system/.venv-petri/lib/python3.13/site-pa… │
│ in generate_answer                                                           │
│                                                                              │
│   139 │   resolved_answer = answer_from_argument(answer)                     │
│   140 │                                                                      │
│   141 │   if isinstance(answer, AnswerStructured):                           │
│ ❱ 142 │   │   value, _, model_output = await structured_generate(            │
│   143 │   │   │   input=prompt,                                              │
│   144 │   │   │   schema=structured_schema(answer),                          │
│   145 │   │   │   answer_tool=answer.answer_tool,                            │
│                                                                              │
│ /Users/LeoQin/Documents/GitHub/Model Loyalties                               │
│ Investigation/tracks/track2_audit_system/.venv-petri/lib/python3.13/site-pa… │
│ in structured_generate                                                       │
│                                                                              │
│    88 │   # answer tool is made                                              │
│    89 │   attempts = 0                                                       │
│    90 │   while attempts < max_attempts:                                     │
│ ❱  91 │   │   output = await generate_retry_refusals(                        │
│    92 │   │   │   model,                                                     │
│    93 │   │   │   input=messages,                                            │
│    94 │   │   │   tools=executable_tools,                                    │
│                                                                              │
│ /Users/LeoQin/Documents/GitHub/Model Loyalties                               │
│ Investigation/tracks/track2_audit_system/.venv-petri/lib/python3.13/site-pa… │
│ in generate_retry_refusals                                                   │
│                                                                              │
│   21 │   refusals = 0                                                        │
│   22 │   while True:                                                         │
│   23 │   │   # run the generation                                            │
│ ❱ 24 │   │   output = await model.generate(                                  │
│   25 │   │   │   input=input,                                                │
│   26 │   │   │   tool_choice=tool_choice,                                    │
│   27 │   │   │   tools=tools,                                                │
│                                                                              │
│ /Users/LeoQin/Documents/GitHub/Model Loyalties                               │
│ Investigation/tracks/track2_audit_system/.venv-petri/lib/python3.13/site-pa… │
│ in generate                                                                  │
│                                                                              │
│ /Users/LeoQin/Documents/GitHub/Model Loyalties                               │
│ Investigation/tracks/track2_audit_system/.venv-petri/lib/python3.13/site-pa… │
│ in _generate                                                                 │
│                                                                              │
│ /Users/LeoQin/Documents/GitHub/Model Loyalties                               │
│ Investigation/tracks/track2_audit_system/.venv-petri/lib/python3.13/site-pa… │
│ in async_wrapped                                                             │
│                                                                              │
│ /Users/LeoQin/Documents/GitHub/Model Loyalties                               │
│ Investigation/tracks/track2_audit_system/.venv-petri/lib/python3.13/site-pa… │
│ in __call__                                                                  │
│                                                                              │
│ /Users/LeoQin/Documents/GitHub/Model Loyalties                               │
│ Investigation/tracks/track2_audit_system/.venv-petri/lib/python3.13/site-pa… │
│ in iter                                                                      │
│                                                                              │
│ /Users/LeoQin/Documents/GitHub/Model Loyalties                               │
│ Investigation/tracks/track2_audit_system/.venv-petri/lib/python3.13/site-pa… │
│ in inner                                                                     │
│                                                                              │
│ /Users/LeoQin/Documents/GitHub/Model Loyalties                               │
│ Investigation/tracks/track2_audit_system/.venv-petri/lib/python3.13/site-pa… │
│ in exc_check                                                                 │
╰──────────────────────────────────────────────────────────────────────────────╯
RetryError: RetryError[<Future at 0x113351d50 state=finished raised             
AttemptTimeoutError>]                                                           
                                                                                
Task interrupted (no samples completed before interruption)                     
                                                                                
Log:                                                                            
tracks/track2_audit_system/runs/track1_v018/petri_reduced_three_hour/v018-reduce
d-3h-petri-l5-sol-medium-r10/loyal_c2/inspect_logs/2026-07-27T06-10-24-00-00_aud
it_7iSZnrYC8YacBU7a5uS6Pq.eval                                                  
                                                                                Petri run failed: Inspect completed without any validated scored samples
